<html>
  <head>
    <title>Templating Example</title>
  </head>
  <body>
    <h1>Header</h1>
    Text
  </body>
</html>
