<html>
  <head>
    <title>Title</title>
  </head>
  <body>
    <h1>Header</h1>
      Bruce Wayne
      Peter Parker
  </body>
</html>
