<html>
  <head>
    <title>Title</title>
  </head>
  <body>
    <h1>Header</h1>
      Bruce Wayne
        <p>Batman</p>
      Peter Parker
        <p>Spidey</p>
        <p>Spiderman</p>
        <p>Spider-Man</p>
  </body>
</html>
