<html>
  <head>
    <title>Templating Example</title>
  </head>
  <body>
    <h1>Mr. Panorama and Mrs. Panorama</h1>
    Text
  </body>
</html>
